// Jest Snapshot v1, https://goo.gl/fbAQLP

exports[`match snapshot  1`] = `
<div
  data-testid="search-res-1"
>
  <p
    style={
      Object {
        "color": "red",
      }
    }
  >
     
    
     
  </p>
</div>
`;
